+---+---+---+---+---+
| 0   1   2   3   4 |
+---+   +---+---+   +
|       |     6   5 |
+   +---+---+   +   +
|   |     8   7 |   |
+   +---+   +   +   +
|   | A   9 |   |   |
+---+   +---+   +   +
| C   B |       |   |
+---+---+---+---+---+
