+---+---+---+---+---+
|     B   A   9   8 |
+---+   +---+---+   +
| D   C |     6   7 |
+   +---+---+   +   +
| E |     4   5 |   |
+   +---+   +   +   +
| F | 2   3 |   |   |
+---+   +---+   +   +
| 0   1 |       |   |
+---+---+---+---+---+
